// Jest Snapshot v1, https://goo.gl/fbAQLP

exports[`should test the 'directionVariants' plugin 1`] = `
"
:is(:where([dir="ltr"]) .ltr\\:flex), :is(:where([dir="rtl"]) .rtl\\:flex) {
  display: flex;
}
"
`;
